
=============================== Model properties ==============================

   Number of:
     all atoms      : 4725
     H or D atoms   : 2365
     chains         : 1
     a.a. residues  : 297
     nucleotides    : 0
     water          : 0
     other (ligands): 0
   Ligands: None

============================= Geometry restraints =============================


                        ----------Bond lengths----------                       

  All restrained atoms within 4.0 sigma of ideal values.

  Min. delta:    0.000 (Z=  0.000)
  Max. delta:    0.055 (Z=  2.111)
  Mean delta:    0.007 (Z=  0.304)

                        ----------Bond angles----------                        

  atoms                   ideal    model    delta   sigma  residual   deviation
   A 297  ASN  O
   A 297  ASN  C
   A 297  ASN  OXT       118.00    96.27    21.73  3.00e+00  5.24e+01   7.2*sigma

  Min. delta:    0.000 (Z=  0.000)
  Max. delta:   21.727 (Z=  7.242)
  Mean delta:    1.242 (Z=  0.560)

                      ----------Dihedral angles----------                      

  All restrained atoms within 4.0 sigma of ideal values.

  Min. delta:    0.005
  Max. delta:   87.344
  Mean delta:   15.612

                       ----------Chiral volumes----------                      

  All restrained atoms within 4.0 sigma of ideal values.

  Min. delta:    0.000
  Max. delta:    0.279
  Mean delta:    0.084

                       ----------Planar groups----------                       

  atoms                 rms_deltas   delta_max    residual   deviation
   A 297  ASN  CA
   A 297  ASN  C
   A 297  ASN  O
   A 297  ASN  OXT           0.169       0.101      284.36   5.1*sigma

  Min. delta:    0.000
  Max. delta:    0.169
  Mean delta:    0.009

============================= Hydrogen validation =============================


                ----------H/D atoms in the input model----------               

  Total number of hydrogen atoms : 2365
  Total number of deuterium atoms: 0
  Number of H atoms (protein)    : 2365
  Number of D atoms (protein)    : 0
  Number of H atoms (water)      : 0
  Number of D atoms (water)      : 0
  Number of H atoms (other)      : 0
  Number of D atoms (other)      : 0

                      ----------Water molecules----------                      

  Number of water                            : 0
  Number of water with 0 H (or D)            : 0
  Number of water with 1 H (or D)            : 0
  Number of water with 2 H (or D)            : 0
  Number of water in alternative conformation: 0
  Number of water without oxygen atom        : 0

             ----------H (or D) atoms with occupancy < 1----------             

  pdb=" HB2 ASN A  88 " with occupancy 0.65
  pdb=" HB3 ASN A  88 " with occupancy 0.65
  pdb="HD21 ASN A  88 " with occupancy 0.65
  pdb="HD22 ASN A  88 " with occupancy 0.65
  pdb=" HB  VAL A  90 " with occupancy 0.65
  pdb="HG11 VAL A  90 " with occupancy 0.65
  pdb="HG12 VAL A  90 " with occupancy 0.65
  pdb="HG13 VAL A  90 " with occupancy 0.65
  pdb="HG21 VAL A  90 " with occupancy 0.65
  pdb="HG22 VAL A  90 " with occupancy 0.65
  pdb="HG23 VAL A  90 " with occupancy 0.65
  pdb=" HB2 ASP A 113 " with occupancy 0.65
  pdb=" HB3 ASP A 113 " with occupancy 0.65
  pdb=" HB2 SER A 137 " with occupancy 0.65
  pdb=" HB3 SER A 137 " with occupancy 0.65
  pdb=" HG  SER A 137 " with occupancy 0.65
  pdb=" HB2 CYS A 152 " with occupancy 0.65
  pdb=" HB3 CYS A 152 " with occupancy 0.65
  pdb=" HG  CYS A 152 " with occupancy 0.65
  pdb=" HB2 SER A 228 " with occupancy 0.65
  pdb=" HB3 SER A 228 " with occupancy 0.65
  pdb=" HG  SER A 228 " with occupancy 0.65
  pdb=" HB2 GLU A 289 " with occupancy 0.65
  pdb=" HB3 GLU A 289 " with occupancy 0.65
  pdb=" HG2 GLU A 289 " with occupancy 0.65
  pdb=" HG3 GLU A 289 " with occupancy 0.65

                    ----------MISSING H or D atoms----------                   

  HIS A  16  conformer  : HD1 
  HIS A  66  conformer  : HD1 
  HIS A  86  conformer  : HD1 
  LEU A 126  conformer  : H 
  HIS A 154  conformer  : HD1 
  HIS A 166  conformer  : HD1 
  HIS A 258  conformer  : HD1 

============================ Molprobity validation ============================


  Geometry Restraints Library: GeoStd + Monomer Library
  Deviations from Ideal Values - rmsd, rmsZ for bonds and angles.
    Bond      :  0.007   0.055   2417  Z= 0.304
    Angle     :  1.242  21.727   3269  Z= 0.560
    Chirality :  0.084   0.279    358
    Planarity :  0.009   0.169    413
    Dihedral  : 15.612  87.344    891
    Min Nonbonded Distance : 2.457
  
  Molprobity Statistics.
    All-atom Clashscore : 1.69
    Ramachandran Plot:
      Outliers :  0.00 %
      Allowed  :  1.37 %
      Favored  : 98.63 %
    Rotamer:
      Outliers :  3.91 %
      Allowed  :  4.69 %
      Favored  : 91.41 %
    Cbeta Deviations :  0.00 %
    Peptide Plane:
      Cis-proline     : 0.00 %
      Cis-general     : 0.00 %
      Twisted Proline : 0.00 %
      Twisted General : 0.00 %
  
  Rama-Z (Ramachandran plot Z-score):
  Interpretation: bad |Rama-Z| > 3; suspicious 2 < |Rama-Z| < 3; good |Rama-Z| < 2.
  Scores for whole/helix/sheet/loop are scaled independently;
  therefore, the values are not related in a simple manner.
    whole:  0.40 (0.46), residues: 293
    helix:  0.40 (0.43), residues: 118
    sheet: -0.84 (0.83), residues: 26
    loop :  0.59 (0.51), residues: 149
  
  Max deviation from planes:
     Type  MaxDev  MeanDev LineInFile
   ARG   0.003   0.001   ARG A  24 
   TYR   0.016   0.003   TYR A  45 
   PHE   0.034   0.004   PHE A 212 
   TRP   0.008   0.003   TRP A 217 
   HIS   0.008   0.002   HIS A 154 

                     ----------Asn/Gln/His flips----------                     

  No backwards Asn/Gln/His sidechains found.

=================================== Summary ===================================

  Ramachandran outliers =   0.00 %
                favored =  98.63 %
  Rotamer outliers      =   3.91 %
  C-beta deviations     =     0
  Clashscore            =   1.69
  RMS(bonds)            =   0.0071
  RMS(angles)           =   1.24
  MolProbity score      =   1.37
