2025-08-13 02:54:40,197 - INFO - Processing protein: 1B9V.pdb (id=1B9V)
2025-08-13 02:54:40,205 - INFO - FORCE_REPROCESS=False | cleaned_exists=True receptor_exists=False
2025-08-13 02:54:53,673 - INFO - Valid .pdbqt ligands: 3242
2025-08-13 02:54:53,676 - INFO - Starting stage1 with 2 ligands...
2025-08-13 02:55:08,952 - INFO - NAG_A467.pdbqt validation: {'valid': False, 'distance_to_surface': 1.8823456111989634, 'distance_to_pocket': 1.8823456111989634, 'clash_count': 6, 'reason': '6 clashes detected (>3)'}
2025-08-13 02:55:48,812 - INFO - RA2_A468.pdbqt validation: {'valid': False, 'distance_to_surface': 1.5657592407519056, 'distance_to_pocket': 1.5657592407519056, 'clash_count': 6, 'reason': '6 clashes detected (>3)'}
2025-08-13 02:55:48,813 - INFO - Early recenter skipped: evaluated=2 < 10.
2025-08-13 02:55:48,813 - WARNING - No valid ligands in stage1. Attempting fallback recentering...
2025-08-13 02:55:48,846 - INFO - Recenter candidate 1: RA2_A468.pdbqt | score=-7.276 | dist=1.68 | center=(31.092379310344835, -9.905779310344826, 64.43768965517245)
2025-08-13 02:55:48,846 - INFO - Recentered using ligand RA2_A468.pdbqt — proposed new center (31.092379310344835, -9.905779310344826, 64.43768965517245).
2025-08-13 02:55:48,846 - INFO - Re-running stage1 with new center after no-valid fallback.
2025-08-13 02:55:48,846 - INFO - Starting stage1 with 2 ligands...
2025-08-13 02:56:02,781 - INFO - NAG_A467.pdbqt validation: {'valid': False, 'distance_to_surface': 1.4975640220037367, 'distance_to_pocket': 1.4975640220037367, 'clash_count': 6, 'reason': '6 clashes detected (>3)'}
2025-08-13 02:56:38,112 - INFO - RA2_A468.pdbqt validation: {'valid': False, 'distance_to_surface': 1.6552767140269915, 'distance_to_pocket': 1.6552767140269915, 'clash_count': 4, 'reason': '4 clashes detected (>3)'}
2025-08-13 02:56:38,112 - INFO - Early recenter skipped: evaluated=2 < 10.
2025-08-13 02:56:38,112 - WARNING - No valid ligands in stage1. Attempting fallback recentering...
2025-08-13 02:56:38,152 - INFO - Recenter candidate 1: RA2_A468.pdbqt | score=-7.036 | dist=0.53 | center=(31.241662068965525, -9.41345517241379, 64.33079310344827)
2025-08-13 02:56:38,153 - INFO - Recentered using ligand RA2_A468.pdbqt — proposed new center (31.241662068965525, -9.41345517241379, 64.33079310344827).
2025-08-13 02:56:38,153 - INFO - Re-running stage1 with new center after no-valid fallback.
2025-08-13 02:56:38,153 - INFO - Starting stage1 with 2 ligands...
2025-08-13 02:56:51,574 - INFO - NAG_A467.pdbqt validation: {'valid': True, 'distance_to_surface': 1.6562152637866852, 'distance_to_pocket': 1.6562152637866852, 'clash_count': 3, 'hydrogen_bonds': 21, 'lipinski': None, 'reason': 'Valid pose'}
2025-08-13 02:57:27,223 - INFO - RA2_A468.pdbqt validation: {'valid': True, 'distance_to_surface': 1.8904994049192443, 'distance_to_pocket': 1.8904994049192443, 'clash_count': 3, 'hydrogen_bonds': 23, 'lipinski': None, 'reason': 'Valid pose'}
2025-08-13 02:57:27,223 - INFO - Early recenter skipped: evaluated=2 < 10.
2025-08-13 02:57:27,223 - INFO - Selected top 1 ligands (5.00000%) for the next stage.
2025-08-13 02:57:27,223 - INFO - Starting stage2 with 1 ligands...
2025-08-13 02:58:40,569 - INFO - RA2_A468.pdbqt validation: {'valid': False, 'distance_to_surface': 1.401235169413044, 'distance_to_pocket': 1.401235169413044, 'clash_count': 7, 'reason': '7 clashes detected (>3)'}
2025-08-13 02:58:40,569 - WARNING - No valid ligands in stage2. Attempting fallback recentering...
2025-08-13 02:58:40,605 - INFO - Recenter candidate 1: RA2_A468.pdbqt | score=-7.259 | dist=1.38 | center=(30.802713793103443, -10.459655172413791, 65.11865517241374)
2025-08-13 02:58:40,605 - INFO - Recentered using ligand RA2_A468.pdbqt — proposed new center (30.802713793103443, -10.459655172413791, 65.11865517241374).
2025-08-13 02:58:40,605 - INFO - Re-running stage1 with new center after no-valid fallback.
2025-08-13 02:58:40,605 - INFO - Starting stage1 with 2 ligands...
2025-08-13 02:58:53,940 - INFO - NAG_A467.pdbqt validation: {'valid': True, 'distance_to_surface': 1.8433040986229077, 'distance_to_pocket': 1.8433040986229077, 'clash_count': 2, 'hydrogen_bonds': 22, 'lipinski': None, 'reason': 'Valid pose'}
2025-08-13 02:59:27,825 - INFO - RA2_A468.pdbqt validation: {'valid': False, 'distance_to_surface': 1.5245832217363524, 'distance_to_pocket': 1.5245832217363524, 'clash_count': 4, 'reason': '4 clashes detected (>3)'}
2025-08-13 02:59:27,826 - INFO - Early recenter skipped: evaluated=2 < 10.
2025-08-13 02:59:27,826 - INFO - Selected top 1 ligands (5.00000%) for the next stage.
2025-08-13 02:59:27,826 - INFO - Starting stage2 with 1 ligands...
2025-08-13 02:59:45,243 - INFO - NAG_A467.pdbqt validation: {'valid': False, 'distance_to_surface': 1.4326653482233767, 'distance_to_pocket': 1.4326653482233767, 'clash_count': 6, 'reason': '6 clashes detected (>3)'}
2025-08-13 02:59:45,243 - WARNING - No valid ligands in stage2. Attempting fallback recentering...
2025-08-13 02:59:45,269 - INFO - Recenter candidate 1: NAG_A467.pdbqt | score=-5.671 | dist=1.16 | center=(31.58390000000001, -10.092188888888886, 64.3401777777778)
2025-08-13 02:59:45,269 - INFO - Recentered using ligand NAG_A467.pdbqt — proposed new center (31.58390000000001, -10.092188888888886, 64.3401777777778).
2025-08-13 02:59:45,270 - INFO - Re-running stage1 with new center after no-valid fallback.
2025-08-13 02:59:45,270 - INFO - Starting stage1 with 2 ligands...
2025-08-13 02:59:57,683 - INFO - NAG_A467.pdbqt validation: {'valid': True, 'distance_to_surface': 1.9731464720086047, 'distance_to_pocket': 1.9731464720086047, 'clash_count': 2, 'hydrogen_bonds': 21, 'lipinski': None, 'reason': 'Valid pose'}
2025-08-13 03:00:32,156 - INFO - RA2_A468.pdbqt validation: {'valid': True, 'distance_to_surface': 1.5229924490948723, 'distance_to_pocket': 1.5229924490948723, 'clash_count': 2, 'hydrogen_bonds': 23, 'lipinski': None, 'reason': 'Valid pose'}
2025-08-13 03:00:32,157 - INFO - Early recenter skipped: evaluated=2 < 10.
2025-08-13 03:00:32,157 - INFO - Selected top 1 ligands (5.00000%) for the next stage.
2025-08-13 03:00:32,157 - INFO - Starting stage2 with 1 ligands...
2025-08-13 03:01:40,164 - INFO - RA2_A468.pdbqt validation: {'valid': False, 'distance_to_surface': 1.8699582883048471, 'distance_to_pocket': 1.8699582883048471, 'clash_count': 4, 'reason': '4 clashes detected (>3)'}
2025-08-13 03:01:40,164 - WARNING - No valid ligands in stage2. Attempting fallback recentering...
2025-08-13 03:01:40,198 - INFO - Recenter candidate 1: RA2_A468.pdbqt | score=-7.076 | dist=0.77 | center=(31.00458965517242, -9.670710344827583, 64.62739999999998)
2025-08-13 03:01:40,198 - INFO - Recentered using ligand RA2_A468.pdbqt — proposed new center (31.00458965517242, -9.670710344827583, 64.62739999999998).
2025-08-13 03:01:40,198 - INFO - Re-running stage1 with new center after no-valid fallback.
2025-08-13 03:01:40,198 - INFO - Starting stage1 with 2 ligands...
2025-08-13 03:01:52,131 - INFO - NAG_A467.pdbqt validation: {'valid': True, 'distance_to_surface': 1.7400864921031973, 'distance_to_pocket': 1.7400864921031973, 'clash_count': 1, 'hydrogen_bonds': 22, 'lipinski': None, 'reason': 'Valid pose'}
2025-08-13 03:02:24,490 - INFO - RA2_A468.pdbqt validation: {'valid': False, 'distance_to_surface': 1.851986501030715, 'distance_to_pocket': 1.851986501030715, 'clash_count': 6, 'reason': '6 clashes detected (>3)'}
2025-08-13 03:02:24,490 - INFO - Early recenter skipped: evaluated=2 < 10.
2025-08-13 03:02:24,490 - INFO - Selected top 1 ligands (5.00000%) for the next stage.
2025-08-13 03:02:24,491 - INFO - Starting stage2 with 1 ligands...
2025-08-13 03:02:40,957 - INFO - NAG_A467.pdbqt validation: {'valid': False, 'distance_to_surface': 1.3371705201656254, 'distance_to_pocket': 1.3371705201656254, 'clash_count': 13, 'reason': '13 clashes detected (>3)'}
2025-08-13 03:02:40,958 - WARNING - No valid ligands in stage2. Attempting fallback recentering...
2025-08-13 03:02:40,981 - INFO - Recenter candidate 1: NAG_A467.pdbqt | score=-5.688 | dist=0.82 | center=(31.391338888888892, -10.390838888888888, 64.59895555555548)
2025-08-13 03:02:40,981 - INFO - Recentered using ligand NAG_A467.pdbqt — proposed new center (31.391338888888892, -10.390838888888888, 64.59895555555548).
2025-08-13 03:02:40,981 - INFO - Re-running stage1 with new center after no-valid fallback.
2025-08-13 03:02:40,982 - INFO - Starting stage1 with 2 ligands...
2025-08-13 03:02:52,857 - INFO - NAG_A467.pdbqt validation: {'valid': True, 'distance_to_surface': 2.0109860765306133, 'distance_to_pocket': 2.0109860765306133, 'clash_count': 0, 'hydrogen_bonds': 22, 'lipinski': None, 'reason': 'Valid pose'}
2025-08-13 03:03:24,859 - INFO - RA2_A468.pdbqt validation: {'valid': False, 'distance_to_surface': 1.5330430522330356, 'distance_to_pocket': 1.5330430522330356, 'clash_count': 4, 'reason': '4 clashes detected (>3)'}
2025-08-13 03:03:24,859 - INFO - Early recenter skipped: evaluated=2 < 10.
2025-08-13 03:03:24,859 - INFO - Selected top 1 ligands (5.00000%) for the next stage.
2025-08-13 03:03:24,860 - INFO - Starting stage2 with 1 ligands...
2025-08-13 03:03:41,569 - INFO - NAG_A467.pdbqt validation: {'valid': False, 'distance_to_surface': 1.369432364156766, 'distance_to_pocket': 1.369432364156766, 'clash_count': 10, 'reason': '10 clashes detected (>3)'}
2025-08-13 03:03:41,569 - WARNING - No valid ligands in stage2. Attempting fallback recentering...
2025-08-13 03:03:41,592 - INFO - Recenter candidate 1: NAG_A467.pdbqt | score=-5.663 | dist=0.37 | center=(31.098550000000003, -10.607194444444444, 64.6419055555556)
2025-08-13 03:03:41,593 - INFO - Recentered using ligand NAG_A467.pdbqt — proposed new center (31.098550000000003, -10.607194444444444, 64.6419055555556).
2025-08-13 03:03:41,593 - INFO - Re-running stage1 with new center after no-valid fallback.
2025-08-13 03:03:41,593 - INFO - Starting stage1 with 2 ligands...
2025-08-13 03:03:53,207 - INFO - NAG_A467.pdbqt validation: {'valid': True, 'distance_to_surface': 2.017509851277062, 'distance_to_pocket': 2.017509851277062, 'clash_count': 0, 'hydrogen_bonds': 24, 'lipinski': None, 'reason': 'Valid pose'}
2025-08-13 03:04:27,057 - INFO - RA2_A468.pdbqt validation: {'valid': True, 'distance_to_surface': 1.7490211548177472, 'distance_to_pocket': 1.7490211548177472, 'clash_count': 2, 'hydrogen_bonds': 23, 'lipinski': None, 'reason': 'Valid pose'}
2025-08-13 03:04:27,057 - INFO - Early recenter skipped: evaluated=2 < 10.
2025-08-13 03:04:27,057 - INFO - Selected top 1 ligands (5.00000%) for the next stage.
2025-08-13 03:04:27,057 - INFO - Starting stage2 with 1 ligands...
2025-08-13 03:05:35,578 - INFO - RA2_A468.pdbqt validation: {'valid': False, 'distance_to_surface': 1.4556586138239977, 'distance_to_pocket': 1.4556586138239977, 'clash_count': 8, 'reason': '8 clashes detected (>3)'}
2025-08-13 03:05:35,579 - WARNING - No valid ligands in stage2. Attempting fallback recentering...
2025-08-13 03:05:35,614 - INFO - Recenter candidate 1: RA2_A468.pdbqt | score=-6.812 | dist=0.96 | center=(30.860365517241384, -10.752868965517239, 65.5610172413793)
2025-08-13 03:05:35,614 - INFO - Recentered using ligand RA2_A468.pdbqt — proposed new center (30.860365517241384, -10.752868965517239, 65.5610172413793).
2025-08-13 03:05:35,614 - INFO - Re-running stage1 with new center after no-valid fallback.
2025-08-13 03:05:35,614 - INFO - Starting stage1 with 2 ligands...
2025-08-13 03:05:48,003 - INFO - NAG_A467.pdbqt validation: {'valid': True, 'distance_to_surface': 2.0588875637100745, 'distance_to_pocket': 2.0588875637100745, 'clash_count': 0, 'hydrogen_bonds': 21, 'lipinski': None, 'reason': 'Valid pose'}
2025-08-13 03:06:21,316 - INFO - RA2_A468.pdbqt validation: {'valid': True, 'distance_to_surface': 1.7417560104675964, 'distance_to_pocket': 1.7417560104675964, 'clash_count': 1, 'hydrogen_bonds': 24, 'lipinski': None, 'reason': 'Valid pose'}
2025-08-13 03:06:21,317 - INFO - Early recenter skipped: evaluated=2 < 10.
2025-08-13 03:06:21,317 - INFO - Selected top 1 ligands (5.00000%) for the next stage.
2025-08-13 03:06:21,318 - INFO - Starting stage2 with 1 ligands...
2025-08-13 03:07:24,809 - INFO - RA2_A468.pdbqt validation: {'valid': False, 'distance_to_surface': 1.2030968373327229, 'distance_to_pocket': 1.2030968373327229, 'clash_count': 16, 'reason': '16 clashes detected (>3)'}
2025-08-13 03:07:24,810 - WARNING - No valid ligands in stage2. Attempting fallback recentering...
2025-08-13 03:07:24,843 - INFO - Recenter candidate 1: RA2_A468.pdbqt | score=-7.297 | dist=0.34 | center=(30.732882758620676, -10.471913793103447, 65.41403103448278)
2025-08-13 03:07:24,843 - INFO - Recentered using ligand RA2_A468.pdbqt — proposed new center (30.732882758620676, -10.471913793103447, 65.41403103448278).
2025-08-13 03:07:24,844 - INFO - Re-running stage1 with new center after no-valid fallback.
2025-08-13 03:07:24,844 - INFO - Starting stage1 with 2 ligands...
2025-08-13 03:07:36,472 - INFO - NAG_A467.pdbqt validation: {'valid': False, 'distance_to_surface': 1.6228166871215, 'distance_to_pocket': 1.6228166871215, 'clash_count': 6, 'reason': '6 clashes detected (>3)'}
2025-08-13 03:08:08,233 - INFO - RA2_A468.pdbqt validation: {'valid': False, 'distance_to_surface': 1.2729831106499434, 'distance_to_pocket': 1.2729831106499434, 'clash_count': 4, 'reason': '4 clashes detected (>3)'}
2025-08-13 03:08:08,234 - INFO - Early recenter skipped: evaluated=2 < 10.
2025-08-13 03:08:08,234 - WARNING - No valid ligands in stage1. Attempting fallback recentering...
2025-08-13 03:08:08,271 - INFO - Recenter candidate 1: RA2_A468.pdbqt | score=-7.081 | dist=0.93 | center=(31.274834482758624, -10.1512, 64.73617241379313)
2025-08-13 03:08:08,271 - INFO - Recentered using ligand RA2_A468.pdbqt — proposed new center (31.274834482758624, -10.1512, 64.73617241379313).
2025-08-13 03:08:08,271 - INFO - Re-running stage1 with new center after no-valid fallback.
2025-08-13 03:08:08,271 - INFO - Starting stage1 with 2 ligands...
2025-08-13 03:08:19,982 - INFO - NAG_A467.pdbqt validation: {'valid': True, 'distance_to_surface': 1.9319422869226708, 'distance_to_pocket': 1.9319422869226708, 'clash_count': 2, 'hydrogen_bonds': 21, 'lipinski': None, 'reason': 'Valid pose'}
2025-08-13 03:08:51,309 - INFO - RA2_A468.pdbqt validation: {'valid': True, 'distance_to_surface': 1.2279588755328923, 'distance_to_pocket': 1.2279588755328923, 'clash_count': 2, 'hydrogen_bonds': 23, 'lipinski': None, 'reason': 'Valid pose'}
2025-08-13 03:08:51,309 - INFO - Early recenter skipped: evaluated=2 < 10.
2025-08-13 03:08:51,309 - INFO - Selected top 1 ligands (5.00000%) for the next stage.
2025-08-13 03:08:51,309 - INFO - Starting stage2 with 1 ligands...
2025-08-13 03:09:53,886 - INFO - RA2_A468.pdbqt validation: {'valid': False, 'distance_to_surface': 1.12955566485233, 'distance_to_pocket': 1.12955566485233, 'clash_count': 11, 'reason': '11 clashes detected (>3)'}
2025-08-13 03:09:53,886 - WARNING - No valid ligands in stage2. Attempting fallback recentering...
2025-08-13 03:09:53,919 - INFO - Recenter candidate 1: RA2_A468.pdbqt | score=-7.083 | dist=0.66 | center=(31.081403448275886, -10.518800000000004, 65.24599655172413)
2025-08-13 03:09:53,919 - INFO - Recentered using ligand RA2_A468.pdbqt — proposed new center (31.081403448275886, -10.518800000000004, 65.24599655172413).
2025-08-13 03:09:53,919 - INFO - Re-running stage1 with new center after no-valid fallback.
2025-08-13 03:09:53,919 - INFO - Starting stage1 with 2 ligands...
2025-08-13 03:10:05,352 - INFO - NAG_A467.pdbqt validation: {'valid': True, 'distance_to_surface': 1.7650215296137335, 'distance_to_pocket': 1.7650215296137335, 'clash_count': 2, 'hydrogen_bonds': 23, 'lipinski': None, 'reason': 'Valid pose'}
2025-08-13 03:10:36,677 - INFO - RA2_A468.pdbqt validation: {'valid': False, 'distance_to_surface': 1.52278954553806, 'distance_to_pocket': 1.52278954553806, 'clash_count': 4, 'reason': '4 clashes detected (>3)'}
2025-08-13 03:10:36,678 - INFO - Early recenter skipped: evaluated=2 < 10.
2025-08-13 03:10:36,678 - INFO - Selected top 1 ligands (5.00000%) for the next stage.
2025-08-13 03:10:36,678 - INFO - Starting stage2 with 1 ligands...
2025-08-13 03:10:53,200 - INFO - NAG_A467.pdbqt validation: {'valid': False, 'distance_to_surface': 1.4400649290917336, 'distance_to_pocket': 1.4400649290917336, 'clash_count': 10, 'reason': '10 clashes detected (>3)'}
2025-08-13 03:10:53,200 - WARNING - No valid ligands in stage2. Attempting fallback recentering...
2025-08-13 03:10:53,223 - INFO - Recenter candidate 1: NAG_A467.pdbqt | score=-5.672 | dist=1.68 | center=(31.514827777777782, -9.550544444444443, 63.948066666666655)
2025-08-13 03:10:53,223 - INFO - Recentered using ligand NAG_A467.pdbqt — proposed new center (31.514827777777782, -9.550544444444443, 63.948066666666655).
2025-08-13 03:10:53,223 - INFO - Re-running stage1 with new center after no-valid fallback.
2025-08-13 03:10:53,224 - INFO - Starting stage1 with 2 ligands...
2025-08-13 03:11:04,778 - INFO - NAG_A467.pdbqt validation: {'valid': True, 'distance_to_surface': 1.8973716030340493, 'distance_to_pocket': 1.8973716030340493, 'clash_count': 3, 'hydrogen_bonds': 22, 'lipinski': None, 'reason': 'Valid pose'}
2025-08-13 03:11:36,216 - INFO - RA2_A468.pdbqt validation: {'valid': False, 'distance_to_surface': 1.6866466731357808, 'distance_to_pocket': 1.6866466731357808, 'clash_count': 4, 'reason': '4 clashes detected (>3)'}
2025-08-13 03:11:36,217 - INFO - Early recenter skipped: evaluated=2 < 10.
2025-08-13 03:11:36,217 - INFO - Selected top 1 ligands (5.00000%) for the next stage.
2025-08-13 03:11:36,217 - INFO - Starting stage2 with 1 ligands...
2025-08-13 03:11:52,172 - INFO - NAG_A467.pdbqt validation: {'valid': False, 'distance_to_surface': 1.5831885547843023, 'distance_to_pocket': 1.5831885547843023, 'clash_count': 7, 'reason': '7 clashes detected (>3)'}
2025-08-13 03:11:52,173 - WARNING - No valid ligands in stage2. Attempting fallback recentering...
2025-08-13 03:11:52,196 - INFO - Recenter candidate 1: NAG_A467.pdbqt | score=-5.682 | dist=0.50 | center=(31.50489444444446, -9.94483333333333, 64.25476666666668)
2025-08-13 03:11:52,196 - INFO - Recentered using ligand NAG_A467.pdbqt — proposed new center (31.50489444444446, -9.94483333333333, 64.25476666666668).
2025-08-13 03:11:52,196 - INFO - Re-running stage1 with new center after no-valid fallback.
2025-08-13 03:11:52,196 - INFO - Starting stage1 with 2 ligands...
2025-08-13 03:12:03,302 - INFO - NAG_A467.pdbqt validation: {'valid': True, 'distance_to_surface': 1.8552590115668475, 'distance_to_pocket': 1.8552590115668475, 'clash_count': 3, 'hydrogen_bonds': 23, 'lipinski': None, 'reason': 'Valid pose'}
2025-08-13 03:12:34,664 - INFO - RA2_A468.pdbqt validation: {'valid': True, 'distance_to_surface': 1.1884229045251558, 'distance_to_pocket': 1.1884229045251558, 'clash_count': 3, 'hydrogen_bonds': 24, 'lipinski': None, 'reason': 'Valid pose'}
2025-08-13 03:12:34,665 - INFO - Early recenter skipped: evaluated=2 < 10.
2025-08-13 03:12:34,665 - INFO - Selected top 1 ligands (5.00000%) for the next stage.
2025-08-13 03:12:34,665 - INFO - Starting stage2 with 1 ligands...
2025-08-13 03:13:36,740 - INFO - RA2_A468.pdbqt validation: {'valid': False, 'distance_to_surface': 1.602519266654853, 'distance_to_pocket': 1.602519266654853, 'clash_count': 7, 'reason': '7 clashes detected (>3)'}
2025-08-13 03:13:36,741 - WARNING - No valid ligands in stage2. Attempting fallback recentering...
2025-08-13 03:13:36,773 - INFO - Recenter candidate 1: RA2_A468.pdbqt | score=-7.287 | dist=1.17 | center=(30.88508275862071, -10.541951724137927, 65.05252413793104)
2025-08-13 03:13:36,773 - INFO - Recentered using ligand RA2_A468.pdbqt — proposed new center (30.88508275862071, -10.541951724137927, 65.05252413793104).
2025-08-13 03:13:36,773 - INFO - Re-running stage1 with new center after no-valid fallback.
2025-08-13 03:13:36,773 - INFO - Starting stage1 with 2 ligands...
2025-08-13 03:13:48,065 - INFO - NAG_A467.pdbqt validation: {'valid': True, 'distance_to_surface': 1.7718109379953657, 'distance_to_pocket': 1.7718109379953657, 'clash_count': 1, 'hydrogen_bonds': 24, 'lipinski': None, 'reason': 'Valid pose'}
2025-08-13 03:14:19,254 - INFO - RA2_A468.pdbqt validation: {'valid': True, 'distance_to_surface': 1.5356640257556238, 'distance_to_pocket': 1.5356640257556238, 'clash_count': 3, 'hydrogen_bonds': 23, 'lipinski': None, 'reason': 'Valid pose'}
2025-08-13 03:14:19,254 - INFO - Early recenter skipped: evaluated=2 < 10.
2025-08-13 03:14:19,254 - INFO - Selected top 1 ligands (5.00000%) for the next stage.
2025-08-13 03:14:19,254 - INFO - Starting stage2 with 1 ligands...
2025-08-13 03:15:22,417 - INFO - RA2_A468.pdbqt validation: {'valid': False, 'distance_to_surface': 1.1883358111241036, 'distance_to_pocket': 1.1883358111241036, 'clash_count': 7, 'reason': '7 clashes detected (>3)'}
2025-08-13 03:15:22,418 - WARNING - No valid ligands in stage2. Attempting fallback recentering...
2025-08-13 03:15:22,451 - INFO - Recenter candidate 1: RA2_A468.pdbqt | score=-7.077 | dist=0.52 | center=(31.153489655172415, -10.11267931034483, 65.17644827586206)
2025-08-13 03:15:22,451 - INFO - Recentered using ligand RA2_A468.pdbqt — proposed new center (31.153489655172415, -10.11267931034483, 65.17644827586206).
2025-08-13 03:15:22,451 - INFO - Re-running stage1 with new center after no-valid fallback.
2025-08-13 03:15:22,451 - INFO - Starting stage1 with 2 ligands...
2025-08-13 03:15:33,682 - INFO - NAG_A467.pdbqt validation: {'valid': True, 'distance_to_surface': 1.8913960452533503, 'distance_to_pocket': 1.8913960452533503, 'clash_count': 3, 'hydrogen_bonds': 23, 'lipinski': None, 'reason': 'Valid pose'}
2025-08-13 03:16:05,651 - INFO - RA2_A468.pdbqt validation: {'valid': True, 'distance_to_surface': 1.2766835943177222, 'distance_to_pocket': 1.2766835943177222, 'clash_count': 2, 'hydrogen_bonds': 24, 'lipinski': None, 'reason': 'Valid pose'}
2025-08-13 03:16:05,651 - INFO - Early recenter skipped: evaluated=2 < 10.
2025-08-13 03:16:05,651 - INFO - Selected top 1 ligands (5.00000%) for the next stage.
2025-08-13 03:16:05,651 - INFO - Starting stage2 with 1 ligands...
2025-08-13 03:17:07,810 - INFO - RA2_A468.pdbqt validation: {'valid': False, 'distance_to_surface': 1.5468888130696388, 'distance_to_pocket': 1.5468888130696388, 'clash_count': 8, 'reason': '8 clashes detected (>3)'}
2025-08-13 03:17:07,810 - WARNING - No valid ligands in stage2. Attempting fallback recentering...
2025-08-13 03:17:07,843 - INFO - Recenter candidate 1: RA2_A468.pdbqt | score=-7.071 | dist=0.62 | center=(30.95850344827588, -9.72720689655172, 64.73318620689655)
2025-08-13 03:17:07,843 - INFO - Recentered using ligand RA2_A468.pdbqt — proposed new center (30.95850344827588, -9.72720689655172, 64.73318620689655).
2025-08-13 03:17:07,843 - INFO - Re-running stage1 with new center after no-valid fallback.
2025-08-13 03:17:07,843 - INFO - Starting stage1 with 2 ligands...
2025-08-13 03:17:19,414 - INFO - NAG_A467.pdbqt validation: {'valid': True, 'distance_to_surface': 1.963007896061551, 'distance_to_pocket': 1.963007896061551, 'clash_count': 1, 'hydrogen_bonds': 21, 'lipinski': None, 'reason': 'Valid pose'}
2025-08-13 03:17:50,926 - INFO - RA2_A468.pdbqt validation: {'valid': True, 'distance_to_surface': 1.501215840577232, 'distance_to_pocket': 1.501215840577232, 'clash_count': 3, 'hydrogen_bonds': 24, 'lipinski': None, 'reason': 'Valid pose'}
2025-08-13 03:17:50,926 - INFO - Early recenter skipped: evaluated=2 < 10.
2025-08-13 03:17:50,927 - INFO - Selected top 1 ligands (5.00000%) for the next stage.
2025-08-13 03:17:50,927 - INFO - Starting stage2 with 1 ligands...
2025-08-13 03:18:53,530 - INFO - RA2_A468.pdbqt validation: {'valid': False, 'distance_to_surface': 1.2604574566402502, 'distance_to_pocket': 1.2604574566402502, 'clash_count': 9, 'reason': '9 clashes detected (>3)'}
2025-08-13 03:18:53,530 - WARNING - No valid ligands in stage2. Attempting fallback recentering...
2025-08-13 03:18:53,562 - INFO - Recenter candidate 1: RA2_A468.pdbqt | score=-7.055 | dist=0.10 | center=(31.00704827586206, -9.695151724137931, 64.64897241379309)
2025-08-13 03:18:53,562 - INFO - Recentered using ligand RA2_A468.pdbqt — proposed new center (31.00704827586206, -9.695151724137931, 64.64897241379309).
2025-08-13 03:18:53,562 - INFO - Re-running stage1 with new center after no-valid fallback.
2025-08-13 03:18:53,562 - INFO - Starting stage1 with 2 ligands...
2025-08-13 03:19:05,072 - INFO - NAG_A467.pdbqt validation: {'valid': True, 'distance_to_surface': 1.8354002288329392, 'distance_to_pocket': 1.8354002288329392, 'clash_count': 3, 'hydrogen_bonds': 21, 'lipinski': None, 'reason': 'Valid pose'}
2025-08-13 03:19:36,323 - INFO - RA2_A468.pdbqt validation: {'valid': True, 'distance_to_surface': 2.0282618174190388, 'distance_to_pocket': 2.0282618174190388, 'clash_count': 0, 'hydrogen_bonds': 22, 'lipinski': None, 'reason': 'Valid pose'}
2025-08-13 03:19:36,323 - INFO - Early recenter skipped: evaluated=2 < 10.
2025-08-13 03:19:36,323 - INFO - Selected top 1 ligands (5.00000%) for the next stage.
2025-08-13 03:19:36,323 - INFO - Starting stage2 with 1 ligands...
2025-08-13 03:20:38,405 - INFO - RA2_A468.pdbqt validation: {'valid': False, 'distance_to_surface': 1.1187242734472191, 'distance_to_pocket': 1.1187242734472191, 'clash_count': 8, 'reason': '8 clashes detected (>3)'}
2025-08-13 03:20:38,405 - WARNING - No valid ligands in stage2. Attempting fallback recentering...
2025-08-13 03:20:38,438 - INFO - Recenter candidate 1: RA2_A468.pdbqt | score=-7.064 | dist=0.15 | center=(30.896820689655197, -9.713210344827576, 64.5469344827586)
2025-08-13 03:20:38,438 - INFO - Recentered using ligand RA2_A468.pdbqt — proposed new center (30.896820689655197, -9.713210344827576, 64.5469344827586).
2025-08-13 03:20:38,438 - INFO - Re-running stage1 with new center after no-valid fallback.
2025-08-13 03:20:38,438 - INFO - Starting stage1 with 2 ligands...
2025-08-13 03:20:49,937 - INFO - NAG_A467.pdbqt validation: {'valid': False, 'distance_to_surface': 1.685779048392764, 'distance_to_pocket': 1.685779048392764, 'clash_count': 4, 'reason': '4 clashes detected (>3)'}
2025-08-13 03:21:21,537 - INFO - RA2_A468.pdbqt validation: {'valid': False, 'distance_to_surface': 1.1783246581481692, 'distance_to_pocket': 1.1783246581481692, 'clash_count': 5, 'reason': '5 clashes detected (>3)'}
2025-08-13 03:21:21,538 - INFO - Early recenter skipped: evaluated=2 < 10.
2025-08-13 03:21:21,538 - WARNING - No valid ligands in stage1. Attempting fallback recentering...
2025-08-13 03:21:21,572 - INFO - Recenter candidate 1: RA2_A468.pdbqt | score=-7.302 | dist=0.55 | center=(31.33781379310345, -9.599282758620694, 64.24335172413791)
2025-08-13 03:21:21,572 - INFO - Recentered using ligand RA2_A468.pdbqt — proposed new center (31.33781379310345, -9.599282758620694, 64.24335172413791).
2025-08-13 03:21:21,572 - INFO - Re-running stage1 with new center after no-valid fallback.
2025-08-13 03:21:21,572 - INFO - Starting stage1 with 2 ligands...
2025-08-13 03:21:32,939 - INFO - NAG_A467.pdbqt validation: {'valid': True, 'distance_to_surface': 1.9837797256752112, 'distance_to_pocket': 1.9837797256752112, 'clash_count': 2, 'hydrogen_bonds': 22, 'lipinski': None, 'reason': 'Valid pose'}
2025-08-13 03:22:04,330 - INFO - RA2_A468.pdbqt validation: {'valid': True, 'distance_to_surface': 1.2630542347817066, 'distance_to_pocket': 1.2630542347817066, 'clash_count': 2, 'hydrogen_bonds': 24, 'lipinski': None, 'reason': 'Valid pose'}
2025-08-13 03:22:04,331 - INFO - Early recenter skipped: evaluated=2 < 10.
2025-08-13 03:22:04,331 - INFO - Selected top 1 ligands (5.00000%) for the next stage.
2025-08-13 03:22:04,331 - INFO - Starting stage2 with 1 ligands...
2025-08-13 03:23:06,354 - INFO - RA2_A468.pdbqt validation: {'valid': False, 'distance_to_surface': 1.0362712000243992, 'distance_to_pocket': 1.0362712000243992, 'clash_count': 9, 'reason': '9 clashes detected (>3)'}
2025-08-13 03:23:06,355 - WARNING - No valid ligands in stage2. Attempting fallback recentering...
2025-08-13 03:23:06,387 - INFO - Recenter candidate 1: RA2_A468.pdbqt | score=-6.759 | dist=1.47 | center=(31.20376551724136, -10.49455862068966, 65.39842068965515)
2025-08-13 03:23:06,387 - INFO - Recentered using ligand RA2_A468.pdbqt — proposed new center (31.20376551724136, -10.49455862068966, 65.39842068965515).
2025-08-13 03:23:06,387 - INFO - Re-running stage1 with new center after no-valid fallback.
2025-08-13 03:23:06,387 - INFO - Starting stage1 with 2 ligands...
2025-08-13 03:23:17,238 - INFO - NAG_A467.pdbqt validation: {'valid': False, 'distance_to_surface': 1.847843337515385, 'distance_to_pocket': 1.847843337515385, 'clash_count': 4, 'reason': '4 clashes detected (>3)'}
2025-08-13 03:23:48,498 - INFO - RA2_A468.pdbqt validation: {'valid': True, 'distance_to_surface': 1.5986309768048415, 'distance_to_pocket': 1.5986309768048415, 'clash_count': 3, 'hydrogen_bonds': 26, 'lipinski': None, 'reason': 'Valid pose'}
2025-08-13 03:23:48,499 - INFO - Early recenter skipped: evaluated=2 < 10.
2025-08-13 03:23:48,499 - INFO - Selected top 1 ligands (5.00000%) for the next stage.
2025-08-13 03:23:48,499 - INFO - Starting stage2 with 1 ligands...
2025-08-13 03:24:49,824 - INFO - RA2_A468.pdbqt validation: {'valid': False, 'distance_to_surface': 1.4221409916038545, 'distance_to_pocket': 1.4221409916038545, 'clash_count': 7, 'reason': '7 clashes detected (>3)'}
2025-08-13 03:24:49,824 - WARNING - No valid ligands in stage2. Attempting fallback recentering...
2025-08-13 03:24:49,857 - INFO - Recenter candidate 1: RA2_A468.pdbqt | score=-7.272 | dist=1.18 | center=(30.82033448275863, -9.720482758620689, 64.59947586206903)
2025-08-13 03:24:49,857 - INFO - Recentered using ligand RA2_A468.pdbqt — proposed new center (30.82033448275863, -9.720482758620689, 64.59947586206903).
2025-08-13 03:24:49,857 - INFO - Re-running stage1 with new center after no-valid fallback.
2025-08-13 03:24:49,857 - INFO - Starting stage1 with 2 ligands...
2025-08-13 03:25:01,096 - INFO - NAG_A467.pdbqt validation: {'valid': True, 'distance_to_surface': 1.8521873555339907, 'distance_to_pocket': 1.8521873555339907, 'clash_count': 1, 'hydrogen_bonds': 22, 'lipinski': None, 'reason': 'Valid pose'}
2025-08-13 03:25:32,411 - INFO - RA2_A468.pdbqt validation: {'valid': True, 'distance_to_surface': 1.2188232029297692, 'distance_to_pocket': 1.2188232029297692, 'clash_count': 3, 'hydrogen_bonds': 24, 'lipinski': None, 'reason': 'Valid pose'}
2025-08-13 03:25:32,411 - INFO - Early recenter skipped: evaluated=2 < 10.
2025-08-13 03:25:32,412 - INFO - Selected top 1 ligands (5.00000%) for the next stage.
2025-08-13 03:25:32,412 - INFO - Starting stage2 with 1 ligands...
2025-08-13 03:26:34,067 - INFO - RA2_A468.pdbqt validation: {'valid': False, 'distance_to_surface': 1.2396358336221174, 'distance_to_pocket': 1.2396358336221174, 'clash_count': 8, 'reason': '8 clashes detected (>3)'}
2025-08-13 03:26:34,067 - WARNING - No valid ligands in stage2. Attempting fallback recentering...
2025-08-13 03:26:34,100 - INFO - Recenter candidate 1: RA2_A468.pdbqt | score=-7.301 | dist=0.21 | center=(30.93385172413792, -9.832493103448279, 64.72887241379311)
2025-08-13 03:26:34,100 - INFO - Recentered using ligand RA2_A468.pdbqt — proposed new center (30.93385172413792, -9.832493103448279, 64.72887241379311).
2025-08-13 03:26:34,101 - INFO - Re-running stage1 with new center after no-valid fallback.
2025-08-13 03:26:34,101 - INFO - Starting stage1 with 2 ligands...
2025-08-13 03:26:45,216 - INFO - NAG_A467.pdbqt validation: {'valid': True, 'distance_to_surface': 2.2272460573542414, 'distance_to_pocket': 2.2272460573542414, 'clash_count': 0, 'hydrogen_bonds': 22, 'lipinski': None, 'reason': 'Valid pose'}
2025-08-13 03:27:16,255 - INFO - RA2_A468.pdbqt validation: {'valid': False, 'distance_to_surface': 1.7970200332773043, 'distance_to_pocket': 1.7970200332773043, 'clash_count': 4, 'reason': '4 clashes detected (>3)'}
2025-08-13 03:27:16,256 - INFO - Early recenter skipped: evaluated=2 < 10.
2025-08-13 03:27:16,256 - INFO - Selected top 1 ligands (5.00000%) for the next stage.
2025-08-13 03:27:16,256 - INFO - Starting stage2 with 1 ligands...
2025-08-13 03:27:32,159 - INFO - NAG_A467.pdbqt validation: {'valid': False, 'distance_to_surface': 1.4050540914854486, 'distance_to_pocket': 1.4050540914854486, 'clash_count': 6, 'reason': '6 clashes detected (>3)'}
2025-08-13 03:27:32,159 - WARNING - No valid ligands in stage2. Attempting fallback recentering...
2025-08-13 03:27:32,182 - INFO - Recenter candidate 1: NAG_A467.pdbqt | score=-5.689 | dist=0.83 | center=(31.517222222222223, -10.15253333333333, 64.22542777777777)
2025-08-13 03:27:32,182 - INFO - Recentered using ligand NAG_A467.pdbqt — proposed new center (31.517222222222223, -10.15253333333333, 64.22542777777777).
2025-08-13 03:27:32,182 - INFO - Re-running stage1 with new center after no-valid fallback.
2025-08-13 03:27:32,182 - INFO - Starting stage1 with 2 ligands...
2025-08-13 03:27:43,594 - INFO - NAG_A467.pdbqt validation: {'valid': True, 'distance_to_surface': 1.9158379367785796, 'distance_to_pocket': 1.9158379367785796, 'clash_count': 1, 'hydrogen_bonds': 22, 'lipinski': None, 'reason': 'Valid pose'}
2025-08-13 03:28:13,874 - INFO - RA2_A468.pdbqt validation: {'valid': False, 'distance_to_surface': 1.334055845907509, 'distance_to_pocket': 1.334055845907509, 'clash_count': 4, 'reason': '4 clashes detected (>3)'}
2025-08-13 03:28:13,874 - INFO - Early recenter skipped: evaluated=2 < 10.
2025-08-13 03:28:13,875 - INFO - Selected top 1 ligands (5.00000%) for the next stage.
2025-08-13 03:28:13,875 - INFO - Starting stage2 with 1 ligands...
2025-08-13 03:28:29,886 - INFO - NAG_A467.pdbqt validation: {'valid': True, 'distance_to_surface': 1.584336769755723, 'distance_to_pocket': 1.584336769755723, 'clash_count': 3, 'hydrogen_bonds': 43, 'lipinski': None, 'reason': 'Valid pose'}
2025-08-13 03:28:29,887 - INFO - Selected top 1 ligands (0.50000%) for the next stage.
2025-08-13 03:28:29,887 - INFO - Starting stage3 with 1 ligands...
2025-08-13 03:29:00,357 - INFO - NAG_A467.pdbqt validation: {'valid': False, 'distance_to_surface': 1.3648553036860689, 'distance_to_pocket': 1.3648553036860689, 'clash_count': 14, 'reason': '14 clashes detected (>3)'}
2025-08-13 03:29:00,358 - INFO - Score summary written: E:/PythonProject/protein_automation/docked\1B9V\docking_score_summary.csv
2025-08-13 15:02:07,310 - INFO - Processing protein: 1B9V.pdb (id=1B9V)
2025-08-13 15:02:07,320 - INFO - FORCE_REPROCESS=False | cleaned_exists=True receptor_exists=True
2025-08-13 15:02:07,321 - INFO - Reusing existing cleaned PDB and receptor PDBQT.
2025-08-13 15:02:18,380 - INFO - Valid .pdbqt ligands: 3242
2025-08-13 15:02:18,383 - INFO - Starting stage1 with 2 ligands...
2025-08-13 15:02:38,824 - INFO - NAG_A467.pdbqt validation: {'valid': True, 'distance_to_surface': 1.8237828818146073, 'distance_to_pocket': 1.8237828818146073, 'clash_count': 3, 'hydrogen_bonds': 23, 'lipinski': None, 'reason': 'Valid pose'}
2025-08-13 15:03:24,972 - INFO - RA2_A468.pdbqt validation: {'valid': True, 'distance_to_surface': 1.4204245844112884, 'distance_to_pocket': 1.4204245844112884, 'clash_count': 2, 'hydrogen_bonds': 23, 'lipinski': None, 'reason': 'Valid pose'}
2025-08-13 15:03:24,974 - INFO - Early recenter skipped: evaluated=2 < 10.
2025-08-13 15:03:24,974 - INFO - Selected top 1 ligands (5.00000%) for the next stage.
2025-08-13 15:03:24,974 - INFO - Starting stage2 with 1 ligands...
2025-08-13 15:04:53,812 - INFO - RA2_A468.pdbqt validation: {'valid': False, 'distance_to_surface': 1.6933785755110995, 'distance_to_pocket': 1.6933785755110995, 'clash_count': 9, 'reason': '9 clashes detected (>3)'}
2025-08-13 15:04:53,812 - WARNING - No valid ligands in stage2. Attempting fallback recentering...
2025-08-13 15:04:53,862 - INFO - Recenter candidate 1: RA2_A468.pdbqt | score=-7.147 | dist=2.68 | center=(30.731603448275834, -10.48716896551724, 65.19579999999999)
2025-08-13 15:04:53,862 - INFO - Recentered using ligand RA2_A468.pdbqt — proposed new center (30.731603448275834, -10.48716896551724, 65.19579999999999).
2025-08-13 15:04:53,862 - INFO - Re-running stage1 with new center after no-valid fallback.
2025-08-13 15:04:53,862 - INFO - Starting stage1 with 2 ligands...
2025-08-13 15:05:08,432 - INFO - NAG_A467.pdbqt validation: {'valid': True, 'distance_to_surface': 1.5542940519734403, 'distance_to_pocket': 1.5542940519734403, 'clash_count': 3, 'hydrogen_bonds': 22, 'lipinski': None, 'reason': 'Valid pose'}
2025-08-13 15:05:52,368 - INFO - RA2_A468.pdbqt validation: {'valid': True, 'distance_to_surface': 1.9348183377257935, 'distance_to_pocket': 1.9348183377257935, 'clash_count': 2, 'hydrogen_bonds': 24, 'lipinski': None, 'reason': 'Valid pose'}
2025-08-13 15:05:52,370 - INFO - Early recenter skipped: evaluated=2 < 10.
2025-08-13 15:05:52,370 - INFO - Selected top 1 ligands (5.00000%) for the next stage.
2025-08-13 15:05:52,370 - INFO - Starting stage2 with 1 ligands...
2025-08-13 15:07:17,448 - INFO - RA2_A468.pdbqt validation: {'valid': False, 'distance_to_surface': 1.7415869200243852, 'distance_to_pocket': 1.7415869200243852, 'clash_count': 5, 'reason': '5 clashes detected (>3)'}
2025-08-13 15:07:17,448 - WARNING - No valid ligands in stage2. Attempting fallback recentering...
2025-08-13 15:07:17,488 - INFO - Recenter candidate 1: RA2_A468.pdbqt | score=-7.094 | dist=0.92 | center=(30.629055172413803, -9.6961448275862, 64.73868965517244)
2025-08-13 15:07:17,489 - INFO - Recentered using ligand RA2_A468.pdbqt — proposed new center (30.629055172413803, -9.6961448275862, 64.73868965517244).
2025-08-13 15:07:17,489 - INFO - Re-running stage1 with new center after no-valid fallback.
2025-08-13 15:07:17,489 - INFO - Starting stage1 with 2 ligands...
2025-08-13 15:07:32,900 - INFO - NAG_A467.pdbqt validation: {'valid': False, 'distance_to_surface': 1.6453877962352834, 'distance_to_pocket': 1.6453877962352834, 'clash_count': 4, 'reason': '4 clashes detected (>3)'}
2025-08-13 15:08:15,226 - INFO - RA2_A468.pdbqt validation: {'valid': True, 'distance_to_surface': 1.4361883581202046, 'distance_to_pocket': 1.4361883581202046, 'clash_count': 2, 'hydrogen_bonds': 23, 'lipinski': None, 'reason': 'Valid pose'}
2025-08-13 15:08:15,227 - INFO - Early recenter skipped: evaluated=2 < 10.
2025-08-13 15:08:15,227 - INFO - Selected top 1 ligands (5.00000%) for the next stage.
2025-08-13 15:08:15,227 - INFO - Starting stage2 with 1 ligands...
2025-08-13 15:09:37,132 - INFO - RA2_A468.pdbqt validation: {'valid': True, 'distance_to_surface': 1.4275436946027273, 'distance_to_pocket': 1.4275436946027273, 'clash_count': 2, 'hydrogen_bonds': 47, 'lipinski': None, 'reason': 'Valid pose'}
2025-08-13 15:09:37,134 - INFO - Selected top 1 ligands (0.50000%) for the next stage.
2025-08-13 15:09:37,134 - INFO - Starting stage3 with 1 ligands...
2025-08-13 15:12:16,780 - INFO - RA2_A468.pdbqt validation: {'valid': False, 'distance_to_surface': 1.3267271761745152, 'distance_to_pocket': 1.3267271761745152, 'clash_count': 17, 'reason': '17 clashes detected (>3)'}
2025-08-13 15:12:16,781 - INFO - Score summary written: E:/PythonProject/protein_automation/docked\1B9V\docking_score_summary.csv
2025-08-13 16:28:10,142 - INFO - Processing protein: 1B9V.pdb (id=1B9V)
2025-08-13 16:28:10,152 - INFO - FORCE_REPROCESS=False | cleaned_exists=True receptor_exists=True
2025-08-13 16:28:10,152 - INFO - Reusing existing cleaned PDB and receptor PDBQT.
2025-08-13 16:28:18,727 - INFO - Valid .pdbqt ligands: 3242
2025-08-13 16:28:18,731 - INFO - Starting stage1 with 2 ligands...
2025-08-13 16:28:37,197 - INFO - NAG_A467.pdbqt validation: {'valid': False, 'distance_to_surface': 1.790503839705462, 'distance_to_pocket': 1.790503839705462, 'clash_count': 4, 'reason': '4 clashes detected (>3)'}
2025-08-13 16:29:20,473 - INFO - RA2_A468.pdbqt validation: {'valid': True, 'distance_to_surface': 1.6214527436838861, 'distance_to_pocket': 1.6214527436838861, 'clash_count': 3, 'hydrogen_bonds': 24, 'lipinski': None, 'reason': 'Valid pose'}
2025-08-13 16:29:20,475 - INFO - Early recenter skipped: evaluated=2 < 10.
2025-08-13 16:29:20,475 - INFO - Selected top 1 ligands (5.00000%) for the next stage.
2025-08-13 16:29:20,476 - INFO - Starting stage2 with 1 ligands...
2025-08-13 16:30:41,033 - INFO - RA2_A468.pdbqt validation: {'valid': False, 'distance_to_surface': 1.4124174312150053, 'distance_to_pocket': 1.4124174312150053, 'clash_count': 7, 'reason': '7 clashes detected (>3)'}
2025-08-13 16:30:41,034 - WARNING - No valid ligands in stage2. Attempting fallback recentering...
2025-08-13 16:30:41,073 - INFO - Recenter candidate 1: RA2_A468.pdbqt | score=-7.022 | dist=2.88 | center=(32.29289310344831, -10.686658620689654, 65.69516206896553)
2025-08-13 16:30:41,073 - INFO - Recentered using ligand RA2_A468.pdbqt — proposed new center (32.29289310344831, -10.686658620689654, 65.69516206896553).
2025-08-13 16:30:41,073 - INFO - Re-running stage1 with new center after no-valid fallback.
2025-08-13 16:30:41,073 - INFO - Starting stage1 with 2 ligands...
2025-08-13 16:30:57,182 - INFO - NAG_A467.pdbqt validation: {'valid': False, 'distance_to_surface': 1.8673644529121762, 'distance_to_pocket': 1.8673644529121762, 'clash_count': 5, 'reason': '5 clashes detected (>3)'}
2025-08-13 16:31:37,970 - INFO - RA2_A468.pdbqt validation: {'valid': True, 'distance_to_surface': 1.5778551898067212, 'distance_to_pocket': 1.5778551898067212, 'clash_count': 2, 'hydrogen_bonds': 22, 'lipinski': None, 'reason': 'Valid pose'}
2025-08-13 16:31:37,971 - INFO - Early recenter skipped: evaluated=2 < 10.
2025-08-13 16:31:37,972 - INFO - Selected top 1 ligands (5.00000%) for the next stage.
2025-08-13 16:31:37,972 - INFO - Starting stage2 with 1 ligands...
2025-08-13 16:32:55,562 - INFO - RA2_A468.pdbqt validation: {'valid': False, 'distance_to_surface': 1.5394164478788774, 'distance_to_pocket': 1.5394164478788774, 'clash_count': 5, 'reason': '5 clashes detected (>3)'}
2025-08-13 16:32:55,563 - WARNING - No valid ligands in stage2. Attempting fallback recentering...
2025-08-13 16:32:55,603 - INFO - Recenter candidate 1: RA2_A468.pdbqt | score=-7.106 | dist=1.75 | center=(31.076041379310343, -9.892265517241386, 64.72655862068969)
2025-08-13 16:32:55,603 - INFO - Recentered using ligand RA2_A468.pdbqt — proposed new center (31.076041379310343, -9.892265517241386, 64.72655862068969).
2025-08-13 16:32:55,603 - INFO - Re-running stage1 with new center after no-valid fallback.
2025-08-13 16:32:55,603 - INFO - Starting stage1 with 2 ligands...
2025-08-13 16:33:11,872 - INFO - NAG_A467.pdbqt validation: {'valid': True, 'distance_to_surface': 1.697430116381827, 'distance_to_pocket': 1.697430116381827, 'clash_count': 2, 'hydrogen_bonds': 23, 'lipinski': None, 'reason': 'Valid pose'}
2025-08-13 16:33:52,979 - INFO - RA2_A468.pdbqt validation: {'valid': True, 'distance_to_surface': 1.635182558615407, 'distance_to_pocket': 1.635182558615407, 'clash_count': 3, 'hydrogen_bonds': 24, 'lipinski': None, 'reason': 'Valid pose'}
2025-08-13 16:33:52,981 - INFO - Early recenter skipped: evaluated=2 < 10.
2025-08-13 16:33:52,981 - INFO - Selected top 1 ligands (5.00000%) for the next stage.
2025-08-13 16:33:52,981 - INFO - Starting stage2 with 1 ligands...
2025-08-13 16:35:11,734 - INFO - RA2_A468.pdbqt validation: {'valid': False, 'distance_to_surface': 1.4291693391617326, 'distance_to_pocket': 1.4291693391617326, 'clash_count': 7, 'reason': '7 clashes detected (>3)'}
2025-08-13 16:35:11,734 - WARNING - No valid ligands in stage2. Attempting fallback recentering...
2025-08-13 16:35:11,773 - INFO - Recenter candidate 1: RA2_A468.pdbqt | score=-6.819 | dist=0.50 | center=(30.858679310344826, -9.46022068965517, 64.60344137931035)
2025-08-13 16:35:11,773 - INFO - Recentered using ligand RA2_A468.pdbqt — proposed new center (30.858679310344826, -9.46022068965517, 64.60344137931035).
2025-08-13 16:35:11,774 - INFO - Re-running stage1 with new center after no-valid fallback.
2025-08-13 16:35:11,774 - INFO - Starting stage1 with 2 ligands...
2025-08-13 16:35:27,783 - INFO - NAG_A467.pdbqt validation: {'valid': True, 'distance_to_surface': 1.8526645675890707, 'distance_to_pocket': 1.8526645675890707, 'clash_count': 2, 'hydrogen_bonds': 20, 'lipinski': None, 'reason': 'Valid pose'}
2025-08-13 16:36:08,893 - INFO - RA2_A468.pdbqt validation: {'valid': False, 'distance_to_surface': 1.167848020934235, 'distance_to_pocket': 1.167848020934235, 'clash_count': 11, 'reason': '11 clashes detected (>3)'}
2025-08-13 16:36:08,894 - INFO - Early recenter skipped: evaluated=2 < 10.
2025-08-13 16:36:08,895 - INFO - Selected top 1 ligands (5.00000%) for the next stage.
2025-08-13 16:36:08,895 - INFO - Starting stage2 with 1 ligands...
2025-08-13 16:36:31,188 - INFO - NAG_A467.pdbqt validation: {'valid': True, 'distance_to_surface': 1.8626744213630082, 'distance_to_pocket': 1.8626744213630082, 'clash_count': 1, 'hydrogen_bonds': 43, 'lipinski': None, 'reason': 'Valid pose'}
2025-08-13 16:36:31,189 - INFO - Selected top 1 ligands (0.50000%) for the next stage.
2025-08-13 16:36:31,189 - INFO - Starting stage3 with 1 ligands...
2025-08-13 16:37:11,003 - INFO - NAG_A467.pdbqt validation: {'valid': False, 'distance_to_surface': 1.394942651150937, 'distance_to_pocket': 1.394942651150937, 'clash_count': 17, 'reason': '17 clashes detected (>3)'}
2025-08-13 16:37:11,004 - INFO - Score summary written: E:/PythonProject/protein_automation/docked\1B9V\docking_score_summary.csv
2025-08-13 18:34:45,529 - INFO - Processing protein: 1B9V.pdb (id=1B9V)
2025-08-13 18:34:45,537 - INFO - Extracted 2 ligands -> E:\PythonProject\protein_automation\processed_pdbs\1B9V\1B9V_cleaned_ligands
2025-08-13 18:34:45,538 - INFO - FORCE_REPROCESS=False | cleaned_exists=True receptor_exists=True
2025-08-13 18:34:45,538 - INFO - Reusing existing cleaned PDB and receptor PDBQT.
2025-08-13 18:34:50,608 - INFO - Valid .pdbqt ligands: 3242
2025-08-13 18:34:50,611 - INFO - Starting stage1 with 2 ligands...
2025-08-13 18:35:04,660 - INFO - NAG_A467.pdbqt validation: {'valid': False, 'distance_to_surface': 1.8941166806720204, 'distance_to_pocket': 1.8941166806720204, 'clash_count': 6, 'reason': '6 clashes detected (>3)'}
